// Jest Snapshot v1, https://goo.gl/fbAQLP

exports[`InputSearch should match the snapshot 1`] = `
<div>
  <input
    class="sc-dlnjPT MGroj"
    placeholder="Search for an issue"
    tabindex="0"
    type="text"
    value=""
  />
  <div
    class="sc-hKFyIo gpycqG"
    data-display="0"
  />
</div>
`;
